Unity Editor version:    6000.6.0f1 (f7f8ed4d1e24)
Branch:                  6000.6/respin/6000.6.0f1-fa21a270ab12
Build type:              Release
Batch mode:              YES
macOS version:           Version 26.6.2 (Build 25G83)
Darwin version:          25.6.0
Architecture:            arm64
Running under Rosetta:   NO
Available memory:        8192 MB
Date:                    2026-09-09T19:27:55Z
Launching external process: /Applications/Unity/Hub/Editor/6000.6.0f1/Unity.app/Contents/Resources/Scripting/NetCoreRuntime/dotnet
VBCSCompilerPreWarmer: pre-warm launched (dotnet PID 18386)
VBCSCompiler prewarm took 26.97 ms
[Licensing::Module] Trying to connect to existing licensing client channel...
[Licensing::IpcConnector] Successfully connected to: "LicenseClient-sakshammore" at "2026-09-09T19:27:55.062173Z"
Launching external process: /Applications/Unity/Hub/Editor/6000.6.0f1/Unity.app/Contents/Helpers/PackageManager/Server/UnityPackageManager

COMMAND LINE ARGUMENTS:
/Applications/Unity/Hub/Editor/6000.6.0f1/Unity.app/Contents/MacOS/Unity
-batchmode
-quit
-projectPath
/Users/sakshammore/Desktop/Racing game/racinggame
-executeMethod
WebGLBuilder.BuildWebGL
-logFile
build_webgl.log
Successfully changed project path to: /Users/sakshammore/Desktop/Racing game/racinggame
/Users/sakshammore/Desktop/Racing game/racinggame
[ExitDontLaunchBugReporter] Exiting without the bug reporter. Application will exit with return code 1
[Package Manager] Server process was shutdown
